0 verbose cli /usr/local/bin/node /usr/local/bin/npm
1 info using npm@11.11.0
2 info using node@v24.14.1
3 silly config load:file:/usr/local/lib/node_modules/npm/npmrc
4 silly config load:file:/Users/macbook/Documents/projects/ReactJS/pthr/mobile/.npmrc
5 silly config load:file:/usr/local/etc/npmrc
6 verbose title npm run ios
7 verbose argv "run" "ios"
8 verbose logfile logs-max:10 dir:/Users/macbook/Documents/projects/ReactJS/pthr/mobile/.npm/_logs/2026-04-02T11_09_11_999Z-
9 verbose logfile /Users/macbook/Documents/projects/ReactJS/pthr/mobile/.npm/_logs/2026-04-02T11_09_11_999Z-debug-0.log
10 silly logfile done cleaning log files
11 http fetch GET 200 https://registry.npmjs.org/npm 442ms
12 verbose cwd /Users/macbook/Documents/projects/ReactJS/pthr/mobile
13 verbose os Darwin 21.6.0
14 verbose node v24.14.1
15 verbose npm  v11.11.0
16 notice
16 notice New [33mminor[39m version of npm available! [33m11.11.0[39m -> [34m11.12.1[39m
16 notice Changelog: [34mhttps://github.com/npm/cli/releases/tag/v11.12.1[39m
16 notice To update run: [4mnpm install -g npm@11.12.1[24m
16 notice  { force: true, Symbol(proc-log.meta): true }
17 verbose exit 0
18 info ok
